// Jest Snapshot v1, https://goo.gl/fbAQLP

exports[`app.ts Should correctly get location pairs and calculate distances 1`] = `
Array [
  Object {
    "distance": "635.70 km",
    "from": Object {
      "latitude": 55.75583,
      "longitude": 37.61778,
      "name": "Moscow",
      "query": "moscow",
    },
    "to": Object {
      "latitude": 59.95,
      "longitude": 30.31667,
      "name": "Saint Petersburg",
      "query": "saint petersburg",
    },
  },
  Object {
    "distance": "128.73 km",
    "from": Object {
      "latitude": 40.7648,
      "longitude": -73.9808,
      "name": "New York",
      "query": "new york",
    },
    "to": Object {
      "latitude": 40.0115,
      "longitude": -75.1327,
      "name": "Philadelphia",
      "query": "philadelphia",
    },
  },
  Object {
    "distance": "128.73 km",
    "from": Object {
      "latitude": 40.0115,
      "longitude": -75.1327,
      "name": "Philadelphia",
      "query": "philadelphia",
    },
    "to": Object {
      "latitude": 40.7648,
      "longitude": -73.9808,
      "name": "New York",
      "query": "new york",
    },
  },
  Object {
    "distance": "635.70 km",
    "from": Object {
      "latitude": 59.95,
      "longitude": 30.31667,
      "name": "Saint Petersburg",
      "query": "saint petersburg",
    },
    "to": Object {
      "latitude": 55.75583,
      "longitude": 37.61778,
      "name": "Moscow",
      "query": "moscow",
    },
  },
]
`;
