// Jest Snapshot v1, https://goo.gl/fbAQLP

exports[`app.ts Should correctly get location pairs and calculate distances 1`] = `
Array [
  Object {
    "distance": "635.70 km",
    "location": "Moscow",
    "nearestLocation": "Saint Petersburg",
  },
  Object {
    "distance": "128.73 km",
    "location": "New York",
    "nearestLocation": "Philadelphia",
  },
  Object {
    "distance": "128.73 km",
    "location": "Philadelphia",
    "nearestLocation": "New York",
  },
  Object {
    "distance": "635.70 km",
    "location": "Saint Petersburg",
    "nearestLocation": "Moscow",
  },
]
`;
